
> coworking-client@1.0.0 build
> vite build

vite v5.4.21 building for production...
transforming...
✓ 1947 modules transformed.
rendering chunks...
computing gzip size...
dist/index.html                              0.70 kB │ gzip:  0.40 kB
dist/assets/index-CPesvWJc.css              62.84 kB │ gzip: 11.18 kB
dist/assets/spaceService-STum3JKF.js         0.32 kB │ gzip:  0.19 kB
dist/assets/arrow-right-D0F0kGzd.js          0.33 kB │ gzip:  0.27 kB
dist/assets/clock-Cp19vqyw.js                0.35 kB │ gzip:  0.27 kB
dist/assets/user-EBPb-VM5.js                 0.37 kB │ gzip:  0.28 kB
dist/assets/lock-Cntih-TJ.js                 0.38 kB │ gzip:  0.29 kB
dist/assets/mail-BOksF7R9.js                 0.38 kB │ gzip:  0.30 kB
dist/assets/circle-alert-DVZ-XB2E.js         0.42 kB │ gzip:  0.29 kB
dist/assets/bookingService-B5EuUOt6.js       0.45 kB │ gzip:  0.23 kB
dist/assets/users-CuGgoYfe.js                0.47 kB │ gzip:  0.32 kB
dist/assets/trash-2-BqepBIio.js              0.88 kB │ gzip:  0.45 kB
dist/assets/Modal-C-ZHw2iB.js                1.21 kB │ gzip:  0.62 kB
dist/assets/Error403-B4Ehlobz.js             1.40 kB │ gzip:  0.76 kB
dist/assets/Error404-Bb_7pbKc.js             1.54 kB │ gzip:  0.81 kB
dist/assets/SpaceCard-xh3kLkxX.js            2.28 kB │ gzip:  0.96 kB
dist/assets/ProfilePage-DjPdFMuI.js          2.64 kB │ gzip:  1.06 kB
dist/assets/MyBookingsPage-PnYl9OaS.js       2.88 kB │ gzip:  1.22 kB
dist/assets/useMutation-CZ9ldmBu.js          3.10 kB │ gzip:  1.26 kB
dist/assets/SpaceListPage-eycbkDMN.js        4.13 kB │ gzip:  1.62 kB
dist/assets/LoginPage-BimCXYyY.js            4.38 kB │ gzip:  1.54 kB
dist/assets/RegisterPage-CJxIblDV.js         4.41 kB │ gzip:  1.43 kB
dist/assets/AdminDashboard-CEjzKmIU.js       4.48 kB │ gzip:  1.46 kB
dist/assets/HomePage-XdqxFpZh.js             5.34 kB │ gzip:  1.86 kB
dist/assets/AdminBookingsPage-aRVp6lLN.js    6.28 kB │ gzip:  2.04 kB
dist/assets/SpaceDetailPage-CB1RyMOf.js      6.94 kB │ gzip:  2.23 kB
dist/assets/MemberDashboard-BhVHWi-2.js      7.12 kB │ gzip:  2.32 kB
dist/assets/MaintenancePage-B92KEkD9.js      8.54 kB │ gzip:  2.75 kB
dist/assets/AdminSpacesPage-peBzfT_C.js      9.64 kB │ gzip:  2.90 kB
dist/assets/useQuery-e_In3IJ7.js            10.47 kB │ gzip:  3.72 kB
dist/assets/BookingCard-BoLcHTRK.js         22.42 kB │ gzip:  6.56 kB
dist/assets/index.esm-D1t2ZsVb.js           28.07 kB │ gzip: 10.36 kB
dist/assets/index-D0iNFHCQ.js              280.80 kB │ gzip: 93.25 kB
✓ built in 2.06s
